App.tsx(2,8): error TS1259: Module '"C:/Users/mdami/Downloads/xgpt/node_modules/@types/react/index"' can only be default-imported using the 'esModuleInterop' flag
App.tsx(5,21): error TS6142: Module './components/sidebar/Sidebar' was resolved to 'C:/Users/mdami/Downloads/xgpt/components/sidebar/Sidebar.tsx', but '--jsx' is not set.
App.tsx(6,27): error TS6142: Module './components/sidebar/SettingsModal' was resolved to 'C:/Users/mdami/Downloads/xgpt/components/sidebar/SettingsModal.tsx', but '--jsx' is not set.
App.tsx(7,19): error TS6142: Module './components/login' was resolved to 'C:/Users/mdami/Downloads/xgpt/components/login.tsx', but '--jsx' is not set.
App.tsx(8,25): error TS6142: Module './components/Chat/ChatMessage' was resolved to 'C:/Users/mdami/Downloads/xgpt/components/Chat/ChatMessage.tsx', but '--jsx' is not set.
App.tsx(16,5): error TS17004: Cannot use JSX unless the '--jsx' flag is provided.
App.tsx(22,9): error TS17004: Cannot use JSX unless the '--jsx' flag is provided.
App.tsx(35,9): error TS17004: Cannot use JSX unless the '--jsx' flag is provided.
App.tsx(37,13): error TS17004: Cannot use JSX unless the '--jsx' flag is provided.
App.tsx(41,17): error TS17004: Cannot use JSX unless the '--jsx' flag is provided.
App.tsx(45,13): error TS17004: Cannot use JSX unless the '--jsx' flag is provided.
App.tsx(47,17): error TS17004: Cannot use JSX unless the '--jsx' flag is provided.
App.tsx(54,21): error TS17004: Cannot use JSX unless the '--jsx' flag is provided.
App.tsx(58,21): error TS17004: Cannot use JSX unless the '--jsx' flag is provided.
App.tsx(60,29): error TS17004: Cannot use JSX unless the '--jsx' flag is provided.
App.tsx(62,29): error TS17004: Cannot use JSX unless the '--jsx' flag is provided.
App.tsx(68,17): error TS17004: Cannot use JSX unless the '--jsx' flag is provided.
App.tsx(69,17): error TS17004: Cannot use JSX unless the '--jsx' flag is provided.
App.tsx(73,13): error TS17004: Cannot use JSX unless the '--jsx' flag is provided.
App.tsx(74,17): error TS17004: Cannot use JSX unless the '--jsx' flag is provided.
App.tsx(75,37): error TS17004: Cannot use JSX unless the '--jsx' flag is provided.
App.tsx(76,36): error TS17004: Cannot use JSX unless the '--jsx' flag is provided.
App.tsx(77,53): error TS17004: Cannot use JSX unless the '--jsx' flag is provided.
App.tsx(81,17): error TS17004: Cannot use JSX unless the '--jsx' flag is provided.
App.tsx(87,21): error TS17004: Cannot use JSX unless the '--jsx' flag is provided.
App.tsx(112,9): error TS17004: Cannot use JSX unless the '--jsx' flag is provided.
App.tsx(113,13): error TS17004: Cannot use JSX unless the '--jsx' flag is provided.
App.tsx(114,17): error TS17004: Cannot use JSX unless the '--jsx' flag is provided.
App.tsx(115,21): error TS17004: Cannot use JSX unless the '--jsx' flag is provided.
App.tsx(118,13): error TS17004: Cannot use JSX unless the '--jsx' flag is provided.
App.tsx(659,9): error TS17004: Cannot use JSX unless the '--jsx' flag is provided.
App.tsx(661,13): error TS17004: Cannot use JSX unless the '--jsx' flag is provided.
App.tsx(668,17): error TS17004: Cannot use JSX unless the '--jsx' flag is provided.
App.tsx(670,21): error TS17004: Cannot use JSX unless the '--jsx' flag is provided.
App.tsx(676,29): error TS17004: Cannot use JSX unless the '--jsx' flag is provided.
App.tsx(677,63): error TS17004: Cannot use JSX unless the '--jsx' flag is provided.
App.tsx(680,29): error TS17004: Cannot use JSX unless the '--jsx' flag is provided.
App.tsx(684,21): error TS17004: Cannot use JSX unless the '--jsx' flag is provided.
App.tsx(694,21): error TS17004: Cannot use JSX unless the '--jsx' flag is provided.
App.tsx(703,29): error TS17004: Cannot use JSX unless the '--jsx' flag is provided.
App.tsx(705,29): error TS17004: Cannot use JSX unless the '--jsx' flag is provided.
App.tsx(711,13): error TS17004: Cannot use JSX unless the '--jsx' flag is provided.
App.tsx(785,13): error TS17004: Cannot use JSX unless the '--jsx' flag is provided.
App.tsx(787,17): error TS17004: Cannot use JSX unless the '--jsx' flag is provided.
App.tsx(788,21): error TS17004: Cannot use JSX unless the '--jsx' flag is provided.
App.tsx(789,25): error TS17004: Cannot use JSX unless the '--jsx' flag is provided.
App.tsx(790,29): error TS17004: Cannot use JSX unless the '--jsx' flag is provided.
App.tsx(791,29): error TS17004: Cannot use JSX unless the '--jsx' flag is provided.
App.tsx(793,25): error TS17004: Cannot use JSX unless the '--jsx' flag is provided.
App.tsx(803,17): error TS17004: Cannot use JSX unless the '--jsx' flag is provided.
App.tsx(804,21): error TS17004: Cannot use JSX unless the '--jsx' flag is provided.
App.tsx(805,25): error TS17004: Cannot use JSX unless the '--jsx' flag is provided.
App.tsx(806,25): error TS17004: Cannot use JSX unless the '--jsx' flag is provided.
App.tsx(809,25): error TS17004: Cannot use JSX unless the '--jsx' flag is provided.
App.tsx(810,29): error TS17004: Cannot use JSX unless the '--jsx' flag is provided.
App.tsx(815,45): error TS17004: Cannot use JSX unless the '--jsx' flag is provided.
App.tsx(817,45): error TS17004: Cannot use JSX unless the '--jsx' flag is provided.
App.tsx(818,49): error TS17004: Cannot use JSX unless the '--jsx' flag is provided.
App.tsx(819,53): error TS17004: Cannot use JSX unless the '--jsx' flag is provided.
App.tsx(821,49): error TS17004: Cannot use JSX unless the '--jsx' flag is provided.
App.tsx(822,53): error TS17004: Cannot use JSX unless the '--jsx' flag is provided.
App.tsx(834,25): error TS17004: Cannot use JSX unless the '--jsx' flag is provided.
App.tsx(835,29): error TS17004: Cannot use JSX unless the '--jsx' flag is provided.
App.tsx(843,37): error TS17004: Cannot use JSX unless the '--jsx' flag is provided.
App.tsx(843,39): error TS17004: Cannot use JSX unless the '--jsx' flag is provided.
App.tsx(843,74): error TS17004: Cannot use JSX unless the '--jsx' flag is provided.
App.tsx(845,37): error TS17004: Cannot use JSX unless the '--jsx' flag is provided.
App.tsx(845,39): error TS17004: Cannot use JSX unless the '--jsx' flag is provided.
App.tsx(845,57): error TS17004: Cannot use JSX unless the '--jsx' flag is provided.
App.tsx(856,16): error TS17004: Cannot use JSX unless the '--jsx' flag is provided.
App.tsx(860,9): error TS17004: Cannot use JSX unless the '--jsx' flag is provided.
App.tsx(864,17): error TS17004: Cannot use JSX unless the '--jsx' flag is provided.
App.tsx(875,17): error TS17004: Cannot use JSX unless the '--jsx' flag is provided.
App.tsx(876,21): error TS17004: Cannot use JSX unless the '--jsx' flag is provided.
App.tsx(877,25): error TS17004: Cannot use JSX unless the '--jsx' flag is provided.
App.tsx(878,29): error TS17004: Cannot use JSX unless the '--jsx' flag is provided.
App.tsx(879,33): error TS17004: Cannot use JSX unless the '--jsx' flag is provided.
App.tsx(881,29): error TS17004: Cannot use JSX unless the '--jsx' flag is provided.
App.tsx(883,25): error TS17004: Cannot use JSX unless the '--jsx' flag is provided.
App.tsx(891,25): error TS17004: Cannot use JSX unless the '--jsx' flag is provided.
App.tsx(892,29): error TS17004: Cannot use JSX unless the '--jsx' flag is provided.
App.tsx(893,29): error TS17004: Cannot use JSX unless the '--jsx' flag is provided.
App.tsx(899,13): error TS17004: Cannot use JSX unless the '--jsx' flag is provided.
App.tsx(923,13): error TS17004: Cannot use JSX unless the '--jsx' flag is provided.
App.tsx(941,13): error TS17004: Cannot use JSX unless the '--jsx' flag is provided.
App.tsx(947,17): error TS17004: Cannot use JSX unless the '--jsx' flag is provided.
App.tsx(948,21): error TS17004: Cannot use JSX unless the '--jsx' flag is provided.
App.tsx(949,25): error TS17004: Cannot use JSX unless the '--jsx' flag is provided.
App.tsx(951,21): error TS17004: Cannot use JSX unless the '--jsx' flag is provided.
App.tsx(951,102): error TS17004: Cannot use JSX unless the '--jsx' flag is provided.
App.tsx(956,21): error TS17004: Cannot use JSX unless the '--jsx' flag is provided.
App.tsx(957,25): error TS17004: Cannot use JSX unless the '--jsx' flag is provided.
App.tsx(962,29): error TS17004: Cannot use JSX unless the '--jsx' flag is provided.
App.tsx(968,17): error TS17004: Cannot use JSX unless the '--jsx' flag is provided.
App.tsx(972,25): error TS17004: Cannot use JSX unless the '--jsx' flag is provided.
App.tsx(974,29): error TS17004: Cannot use JSX unless the '--jsx' flag is provided.
App.tsx(976,33): error TS17004: Cannot use JSX unless the '--jsx' flag is provided.
App.tsx(979,33): error TS17004: Cannot use JSX unless the '--jsx' flag is provided.
App.tsx(987,25): error TS17004: Cannot use JSX unless the '--jsx' flag is provided.
App.tsx(989,33): error TS17004: Cannot use JSX unless the '--jsx' flag is provided.
App.tsx(992,33): error TS17004: Cannot use JSX unless the '--jsx' flag is provided.
App.tsx(993,37): error TS17004: Cannot use JSX unless the '--jsx' flag is provided.
App.tsx(995,41): error TS17004: Cannot use JSX unless the '--jsx' flag is provided.
App.tsx(996,45): error TS17004: Cannot use JSX unless the '--jsx' flag is provided.
App.tsx(997,49): error TS17004: Cannot use JSX unless the '--jsx' flag is provided.
App.tsx(1003,29): error TS17004: Cannot use JSX unless the '--jsx' flag is provided.
App.tsx(1010,21): error TS17004: Cannot use JSX unless the '--jsx' flag is provided.
